br\org\flem\primeiroemprego\api\primeiroEmpregoAPI\security\WebConfig.class
br\org\flem\primeiroemprego\api\primeiroEmpregoAPI\config\LocalDateTimeConverter.class
br\org\flem\primeiroemprego\api\primeiroEmpregoAPI\model\FoEmpregadosView.class
br\org\flem\primeiroemprego\api\primeiroEmpregoAPI\service\VagaService.class
br\org\flem\primeiroemprego\api\primeiroEmpregoAPI\dto\RelatorioMonitoramentoDTO.class
br\org\flem\primeiroemprego\api\primeiroEmpregoAPI\service\PeriodoService.class
br\org\flem\primeiroemprego\api\primeiroEmpregoAPI\model\Situacao.class
br\org\flem\primeiroemprego\api\primeiroEmpregoAPI\model\RespostaItem.class
br\org\flem\primeiroemprego\api\primeiroEmpregoAPI\model\EscritorioRegional.class
br\org\flem\primeiroemprego\api\primeiroEmpregoAPI\model\Pergunta.class
br\org\flem\primeiroemprego\api\primeiroEmpregoAPI\integracao\service\RHFuncionarioService.class
br\org\flem\primeiroemprego\api\primeiroEmpregoAPI\model\Categoria.class
br\org\flem\primeiroemprego\api\primeiroEmpregoAPI\service\FormacaoService.class
br\org\flem\primeiroemprego\api\primeiroEmpregoAPI\service\EscritorioRegionalService.class
br\org\flem\primeiroemprego\api\primeiroEmpregoAPI\service\RespostaItemService.class
br\org\flem\primeiroemprego\api\primeiroEmpregoAPI\dto\QuestionarioDTO.class
br\org\flem\primeiroemprego\api\primeiroEmpregoAPI\integracao\model\RHFuncionario.class
br\org\flem\primeiroemprego\api\primeiroEmpregoAPI\dao\BeneficiarioDAO.class
br\org\flem\primeiroemprego\api\primeiroEmpregoAPI\dao\MonitorDemandanteDAO.class
br\org\flem\primeiroemprego\api\primeiroEmpregoAPI\projections\DemandanteProj.class
br\org\flem\primeiroemprego\api\primeiroEmpregoAPI\dao\RespostaDAO.class
br\org\flem\primeiroemprego\api\primeiroEmpregoAPI\service\QuestionarioService.class
br\org\flem\primeiroemprego\api\primeiroEmpregoAPI\config\SMBBD.class
br\org\flem\primeiroemprego\api\primeiroEmpregoAPI\util\SMBUtil.class
br\org\flem\primeiroemprego\api\primeiroEmpregoAPI\enums\TipoMetaEnum.class
br\org\flem\primeiroemprego\api\primeiroEmpregoAPI\integracao\model\Afastamento.class
br\org\flem\primeiroemprego\api\primeiroEmpregoAPI\service\MetaService.class
br\org\flem\primeiroemprego\api\primeiroEmpregoAPI\projections\MonitoramentoProj.class
br\org\flem\primeiroemprego\api\primeiroEmpregoAPI\model\Meta.class
br\org\flem\primeiroemprego\api\primeiroEmpregoAPI\service\MunicipioService.class
br\org\flem\primeiroemprego\api\primeiroEmpregoAPI\model\RespostaItemId.class
br\org\flem\primeiroemprego\api\primeiroEmpregoAPI\controller\MunicipioController.class
br\org\flem\primeiroemprego\api\primeiroEmpregoAPI\config\IntegracaoBD.class
br\org\flem\primeiroemprego\api\primeiroEmpregoAPI\exception\ApiError.class
br\org\flem\primeiroemprego\api\primeiroEmpregoAPI\integracao\dao\RHFuncionarioDAO.class
br\org\flem\primeiroemprego\api\primeiroEmpregoAPI\dto\EmailDTO.class
br\org\flem\primeiroemprego\api\primeiroEmpregoAPI\projections\EscritorioRegionalProj.class
br\org\flem\primeiroemprego\api\primeiroEmpregoAPI\model\AvaliacaoMonitoramento.class
br\org\flem\primeiroemprego\api\primeiroEmpregoAPI\dao\AgendamentoDAO.class
br\org\flem\primeiroemprego\api\primeiroEmpregoAPI\dao\ColaboradorDAO.class
br\org\flem\primeiroemprego\api\primeiroEmpregoAPI\dao\CategoriaDAO.class
br\org\flem\primeiroemprego\api\primeiroEmpregoAPI\controller\EscritorioRegionalController.class
br\org\flem\primeiroemprego\api\primeiroEmpregoAPI\security\RestConfig.class
br\org\flem\primeiroemprego\api\primeiroEmpregoAPI\model\Vaga.class
br\org\flem\primeiroemprego\api\primeiroEmpregoAPI\enums\TipoResposta.class
br\org\flem\primeiroemprego\api\primeiroEmpregoAPI\dto\AvaliacaoDTO.class
br\org\flem\primeiroemprego\api\primeiroEmpregoAPI\enums\StatusAgendaEnum.class
br\org\flem\primeiroemprego\api\primeiroEmpregoAPI\dto\DemandanteMunicipioDTO.class
br\org\flem\primeiroemprego\api\primeiroEmpregoAPI\base\BaseController.class
br\org\flem\primeiroemprego\api\primeiroEmpregoAPI\dto\MunicipioDTO.class
br\org\flem\primeiroemprego\api\primeiroEmpregoAPI\controller\RespostaItemController.class
br\org\flem\primeiroemprego\api\primeiroEmpregoAPI\dto\AgendamentoDTO.class
br\org\flem\primeiroemprego\api\primeiroEmpregoAPI\dto\AvaliacaoMonitoramentoDTO.class
br\org\flem\primeiroemprego\api\primeiroEmpregoAPI\exception\CustomRestExceptionHandler.class
br\org\flem\primeiroemprego\api\primeiroEmpregoAPI\service\AvaliacaoMonitoramentoService.class
br\org\flem\primeiroemprego\api\primeiroEmpregoAPI\dto\BeneficiarioDTO.class
br\org\flem\primeiroemprego\api\primeiroEmpregoAPI\PrimeiroEmpregoApiApplication.class
br\org\flem\primeiroemprego\api\primeiroEmpregoAPI\dao\MetaDAO.class
br\org\flem\primeiroemprego\api\primeiroEmpregoAPI\dao\AvaliacaoMonitoramentoDAO.class
br\org\flem\primeiroemprego\api\primeiroEmpregoAPI\model\Periodo.class
br\org\flem\primeiroemprego\api\primeiroEmpregoAPI\model\Demandante.class
br\org\flem\primeiroemprego\api\primeiroEmpregoAPI\dao\RespostaItemDAO.class
br\org\flem\primeiroemprego\api\primeiroEmpregoAPI\dao\PeriodoDAO.class
br\org\flem\primeiroemprego\api\primeiroEmpregoAPI\dto\MonitoramentoQuestionarioDTO.class
br\org\flem\primeiroemprego\api\primeiroEmpregoAPI\service\SituacaoService.class
br\org\flem\primeiroemprego\api\primeiroEmpregoAPI\dto\FormacaoDTO.class
br\org\flem\primeiroemprego\api\primeiroEmpregoAPI\dao\SituacaoDAO.class
br\org\flem\primeiroemprego\api\primeiroEmpregoAPI\serializer\BooleanSerializer.class
br\org\flem\primeiroemprego\api\primeiroEmpregoAPI\base\SearchCriteria.class
br\org\flem\primeiroemprego\api\primeiroEmpregoAPI\dao\EscritorioRegionalDAO.class
br\org\flem\primeiroemprego\api\primeiroEmpregoAPI\controller\DemandanteController.class
br\org\flem\primeiroemprego\api\primeiroEmpregoAPI\service\FileStorageService$1.class
br\org\flem\primeiroemprego\api\primeiroEmpregoAPI\service\DemandanteService.class
br\org\flem\primeiroemprego\api\primeiroEmpregoAPI\controller\PeriodoController.class
br\org\flem\primeiroemprego\api\primeiroEmpregoAPI\dto\MetaDTO.class
br\org\flem\primeiroemprego\api\primeiroEmpregoAPI\dao\OpcaoRespostaDAO.class
br\org\flem\primeiroemprego\api\primeiroEmpregoAPI\projections\RelatorioMonitoramentoProj.class
br\org\flem\primeiroemprego\api\primeiroEmpregoAPI\service\ReportsService.class
br\org\flem\primeiroemprego\api\primeiroEmpregoAPI\model\User.class
br\org\flem\primeiroemprego\api\primeiroEmpregoAPI\model\OpcaoRespostaId.class
br\org\flem\primeiroemprego\api\primeiroEmpregoAPI\service\EmailSender.class
br\org\flem\primeiroemprego\api\primeiroEmpregoAPI\controller\ColaboradorController.class
br\org\flem\primeiroemprego\api\primeiroEmpregoAPI\dao\MunicipioDAO.class
br\org\flem\primeiroemprego\api\primeiroEmpregoAPI\dto\AssociacaoDTO.class
br\org\flem\primeiroemprego\api\primeiroEmpregoAPI\dto\MonitoramentoComprovacaoDTO.class
br\org\flem\primeiroemprego\api\primeiroEmpregoAPI\projections\SinteseRelatorioTrimestralProj.class
br\org\flem\primeiroemprego\api\primeiroEmpregoAPI\model\RegistroMonitoramento.class
br\org\flem\primeiroemprego\api\primeiroEmpregoAPI\convert\CustomMultipartFile.class
br\org\flem\primeiroemprego\api\primeiroEmpregoAPI\projections\MunicipioProj.class
br\org\flem\primeiroemprego\api\primeiroEmpregoAPI\controller\AvaliacaoMonitoramentoController.class
br\org\flem\primeiroemprego\api\primeiroEmpregoAPI\controller\MonitoramentoController.class
br\org\flem\primeiroemprego\api\primeiroEmpregoAPI\service\RegistroMonitoramentoService.class
br\org\flem\primeiroemprego\api\primeiroEmpregoAPI\enums\StatusVisitaEnum.class
br\org\flem\primeiroemprego\api\primeiroEmpregoAPI\model\VisitaBeneficiario.class
br\org\flem\primeiroemprego\api\primeiroEmpregoAPI\controller\MetaController.class
br\org\flem\primeiroemprego\api\primeiroEmpregoAPI\dto\MonitoramentoDTO.class
br\org\flem\primeiroemprego\api\primeiroEmpregoAPI\service\CategoriaService.class
br\org\flem\primeiroemprego\api\primeiroEmpregoAPI\controller\AgendamentoController.class
br\org\flem\primeiroemprego\api\primeiroEmpregoAPI\model\Parameter.class
br\org\flem\primeiroemprego\api\primeiroEmpregoAPI\service\OpcaoRespostaService.class
br\org\flem\primeiroemprego\api\primeiroEmpregoAPI\model\Municipio.class
br\org\flem\primeiroemprego\api\primeiroEmpregoAPI\dao\AvaliacaoQuestionarioDAO.class
br\org\flem\primeiroemprego\api\primeiroEmpregoAPI\model\Comprovacao.class
br\org\flem\primeiroemprego\api\primeiroEmpregoAPI\base\BaseCrudService.class
br\org\flem\primeiroemprego\api\primeiroEmpregoAPI\config\LocalTimeConverter.class
br\org\flem\primeiroemprego\api\primeiroEmpregoAPI\dto\ColaboradorDTO.class
br\org\flem\primeiroemprego\api\primeiroEmpregoAPI\projections\DemandanteMunicipioProj.class
br\org\flem\primeiroemprego\api\primeiroEmpregoAPI\dto\RegistroMonitoramentoEditarDTO.class
br\org\flem\primeiroemprego\api\primeiroEmpregoAPI\service\ParameterService.class
br\org\flem\primeiroemprego\api\primeiroEmpregoAPI\service\FileStorageService.class
br\org\flem\primeiroemprego\api\primeiroEmpregoAPI\controller\RespostaController.class
br\org\flem\primeiroemprego\api\primeiroEmpregoAPI\controller\VagaController.class
br\org\flem\primeiroemprego\api\primeiroEmpregoAPI\service\AvaliacaoQuestionarioService.class
br\org\flem\primeiroemprego\api\primeiroEmpregoAPI\filtro\ComprovacaoFiltro.class
br\org\flem\primeiroemprego\api\primeiroEmpregoAPI\service\VisitaBeneficiarioService.class
br\org\flem\primeiroemprego\api\primeiroEmpregoAPI\dto\RelPerguntaDTO.class
br\org\flem\primeiroemprego\api\primeiroEmpregoAPI\dto\AvaliacaoQuestionarioDTO.class
br\org\flem\primeiroemprego\api\primeiroEmpregoAPI\dao\CustomFuncionarioDAO.class
br\org\flem\primeiroemprego\api\primeiroEmpregoAPI\dao\RegistroMonitoramentoDAOCustomImpl.class
br\org\flem\primeiroemprego\api\primeiroEmpregoAPI\dto\BeneficiarioQuestionarioDTO.class
br\org\flem\primeiroemprego\api\primeiroEmpregoAPI\exception\MonitoramentoException.class
br\org\flem\primeiroemprego\api\primeiroEmpregoAPI\base\CriteriaOpereration.class
br\org\flem\primeiroemprego\api\primeiroEmpregoAPI\dao\RegistroMonitoramentoDAO.class
br\org\flem\primeiroemprego\api\primeiroEmpregoAPI\model\Beneficiario.class
br\org\flem\primeiroemprego\api\primeiroEmpregoAPI\model\Formacao.class
br\org\flem\primeiroemprego\api\primeiroEmpregoAPI\dao\VagaDAO.class
br\org\flem\primeiroemprego\api\primeiroEmpregoAPI\message\Sender.class
br\org\flem\primeiroemprego\api\primeiroEmpregoAPI\dao\VisitaBeneficiarioDAO.class
br\org\flem\primeiroemprego\api\primeiroEmpregoAPI\dto\RelQuestionarioDTO.class
br\org\flem\primeiroemprego\api\primeiroEmpregoAPI\base\BaseDTO.class
br\org\flem\primeiroemprego\api\primeiroEmpregoAPI\controller\BeneficiarioController.class
br\org\flem\primeiroemprego\api\primeiroEmpregoAPI\dao\ParameterDAO.class
br\org\flem\primeiroemprego\api\primeiroEmpregoAPI\base\BaseSpecification.class
br\org\flem\primeiroemprego\api\primeiroEmpregoAPI\service\PerguntaService.class
br\org\flem\primeiroemprego\api\primeiroEmpregoAPI\dao\QuestionarioDAO.class
br\org\flem\primeiroemprego\api\primeiroEmpregoAPI\dto\RegistroMonitoramentoDTO.class
br\org\flem\primeiroemprego\api\primeiroEmpregoAPI\projections\FuncionarioProj.class
br\org\flem\primeiroemprego\api\primeiroEmpregoAPI\base\BaseModel.class
br\org\flem\primeiroemprego\api\primeiroEmpregoAPI\controller\PerguntaController.class
br\org\flem\primeiroemprego\api\primeiroEmpregoAPI\config\MensageriaConfig.class
br\org\flem\primeiroemprego\api\primeiroEmpregoAPI\filtro\RegistroMonitoramentoFiltro.class
br\org\flem\primeiroemprego\api\primeiroEmpregoAPI\report\QuestionarioReportInput.class
br\org\flem\primeiroemprego\api\primeiroEmpregoAPI\dto\ResponseMessage.class
br\org\flem\primeiroemprego\api\primeiroEmpregoAPI\dto\SinteseRelatorioTrimestralDTO.class
br\org\flem\primeiroemprego\api\primeiroEmpregoAPI\model\Agendamento.class
br\org\flem\primeiroemprego\api\primeiroEmpregoAPI\base\BaseEntityAudited.class
br\org\flem\primeiroemprego\api\primeiroEmpregoAPI\dao\DemandanteDAO.class
br\org\flem\primeiroemprego\api\primeiroEmpregoAPI\controller\MonitorDemandanteController.class
br\org\flem\primeiroemprego\api\primeiroEmpregoAPI\service\MonitorDemandanteService.class
br\org\flem\primeiroemprego\api\primeiroEmpregoAPI\dto\ListaMonitoramentoDTO.class
br\org\flem\primeiroemprego\api\primeiroEmpregoAPI\enums\ParameterEnum.class
br\org\flem\primeiroemprego\api\primeiroEmpregoAPI\dto\FuncionarioDTO.class
br\org\flem\primeiroemprego\api\primeiroEmpregoAPI\model\Resposta.class
br\org\flem\primeiroemprego\api\primeiroEmpregoAPI\model\Questionario.class
br\org\flem\primeiroemprego\api\primeiroEmpregoAPI\dto\RelRespostaDTO.class
br\org\flem\primeiroemprego\api\primeiroEmpregoAPI\controller\ComprovacaoController.class
br\org\flem\primeiroemprego\api\primeiroEmpregoAPI\service\RespostaService.class
br\org\flem\primeiroemprego\api\primeiroEmpregoAPI\model\AvaliacaoQuestionario.class
br\org\flem\primeiroemprego\api\primeiroEmpregoAPI\dao\ComprovacaoDAO.class
br\org\flem\primeiroemprego\api\primeiroEmpregoAPI\security\SecurityConfiguration.class
br\org\flem\primeiroemprego\api\primeiroEmpregoAPI\projections\RelatorioRegistroVisitaProj.class
br\org\flem\primeiroemprego\api\primeiroEmpregoAPI\base\MyCrudRepository.class
br\org\flem\primeiroemprego\api\primeiroEmpregoAPI\dao\PerguntaDAO.class
br\org\flem\primeiroemprego\api\primeiroEmpregoAPI\config\LocalDateConverter.class
br\org\flem\primeiroemprego\api\primeiroEmpregoAPI\dao\RegistroMonitoramentoDAOCustom.class
br\org\flem\primeiroemprego\api\primeiroEmpregoAPI\dto\RespostaItemDTO.class
br\org\flem\primeiroemprego\api\primeiroEmpregoAPI\dto\MonitorarDTO.class
br\org\flem\primeiroemprego\api\primeiroEmpregoAPI\base\BaseService.class
br\org\flem\primeiroemprego\api\primeiroEmpregoAPI\dto\DemandanteDTO.class
br\org\flem\primeiroemprego\api\primeiroEmpregoAPI\dao\CustomFuncionarioDAOImpl.class
br\org\flem\primeiroemprego\api\primeiroEmpregoAPI\model\Colaborador.class
br\org\flem\primeiroemprego\api\primeiroEmpregoAPI\service\ComprovacaoService.class
br\org\flem\primeiroemprego\api\primeiroEmpregoAPI\service\ColaboradorService.class
br\org\flem\primeiroemprego\api\primeiroEmpregoAPI\model\AvaliacaoQuestionarioId.class
br\org\flem\primeiroemprego\api\primeiroEmpregoAPI\base\BaseSpecification$1.class
br\org\flem\primeiroemprego\api\primeiroEmpregoAPI\base\AbstractHelper.class
br\org\flem\primeiroemprego\api\primeiroEmpregoAPI\controller\RelatorioMonitoramentoController.class
br\org\flem\primeiroemprego\api\primeiroEmpregoAPI\controller\VisitaBeneficiarioController.class
br\org\flem\primeiroemprego\api\primeiroEmpregoAPI\dto\RelatorioTrimestralDTO.class
br\org\flem\primeiroemprego\api\primeiroEmpregoAPI\dto\RespostaDTO.class
br\org\flem\primeiroemprego\api\primeiroEmpregoAPI\dto\ComprovacaoRelDTO.class
br\org\flem\primeiroemprego\api\primeiroEmpregoAPI\model\MonitorDemandante.class
br\org\flem\primeiroemprego\api\primeiroEmpregoAPI\enums\RespostaTecnica.class
br\org\flem\primeiroemprego\api\primeiroEmpregoAPI\controller\CategoriaController.class
br\org\flem\primeiroemprego\api\primeiroEmpregoAPI\service\BeneficiarioService.class
br\org\flem\primeiroemprego\api\primeiroEmpregoAPI\enums\SubMeta_.class
br\org\flem\primeiroemprego\api\primeiroEmpregoAPI\dto\PerguntaDTO.class
br\org\flem\primeiroemprego\api\primeiroEmpregoAPI\dto\PeriodoDTO.class
br\org\flem\primeiroemprego\api\primeiroEmpregoAPI\model\OpcaoResposta.class
br\org\flem\primeiroemprego\api\primeiroEmpregoAPI\service\AgendamentoService.class
br\org\flem\primeiroemprego\api\primeiroEmpregoAPI\service\EnviarEmailService.class
br\org\flem\primeiroemprego\api\primeiroEmpregoAPI\dto\RelatorioRegistroVisitaDTO.class
br\org\flem\primeiroemprego\api\primeiroEmpregoAPI\base\BaseID.class
