C:\Users\tscortes\Documents\wrokspace\monitoramentoapi\src\main\java\br\org\flem\primeiroemprego\api\primeiroEmpregoAPI\dto\EmailDTO.java
C:\Users\tscortes\Documents\wrokspace\monitoramentoapi\src\main\java\br\org\flem\primeiroemprego\api\primeiroEmpregoAPI\dao\ComprovacaoDAO.java
C:\Users\tscortes\Documents\wrokspace\monitoramentoapi\src\main\java\br\org\flem\primeiroemprego\api\primeiroEmpregoAPI\enums\TipoMetaEnum.java
C:\Users\tscortes\Documents\wrokspace\monitoramentoapi\src\main\java\br\org\flem\primeiroemprego\api\primeiroEmpregoAPI\model\Periodo.java
C:\Users\tscortes\Documents\wrokspace\monitoramentoapi\src\main\java\br\org\flem\primeiroemprego\api\primeiroEmpregoAPI\filtro\ComprovacaoFiltro.java
C:\Users\tscortes\Documents\wrokspace\monitoramentoapi\src\main\java\br\org\flem\primeiroemprego\api\primeiroEmpregoAPI\service\ColaboradorService.java
C:\Users\tscortes\Documents\wrokspace\monitoramentoapi\src\main\java\br\org\flem\primeiroemprego\api\primeiroEmpregoAPI\model\Colaborador.java
C:\Users\tscortes\Documents\wrokspace\monitoramentoapi\src\main\java\br\org\flem\primeiroemprego\api\primeiroEmpregoAPI\base\BaseCrudService.java
C:\Users\tscortes\Documents\wrokspace\monitoramentoapi\src\main\java\br\org\flem\primeiroemprego\api\primeiroEmpregoAPI\projections\RelatorioMonitoramentoProj.java
C:\Users\tscortes\Documents\wrokspace\monitoramentoapi\src\main\java\br\org\flem\primeiroemprego\api\primeiroEmpregoAPI\security\RestConfig.java
C:\Users\tscortes\Documents\wrokspace\monitoramentoapi\src\main\java\br\org\flem\primeiroemprego\api\primeiroEmpregoAPI\util\SMBUtil.java
C:\Users\tscortes\Documents\wrokspace\monitoramentoapi\src\main\java\br\org\flem\primeiroemprego\api\primeiroEmpregoAPI\dao\AvaliacaoMonitoramentoDAO.java
C:\Users\tscortes\Documents\wrokspace\monitoramentoapi\src\main\java\br\org\flem\primeiroemprego\api\primeiroEmpregoAPI\service\MetaService.java
C:\Users\tscortes\Documents\wrokspace\monitoramentoapi\src\main\java\br\org\flem\primeiroemprego\api\primeiroEmpregoAPI\report\QuestionarioReportInput.java
C:\Users\tscortes\Documents\wrokspace\monitoramentoapi\src\main\java\br\org\flem\primeiroemprego\api\primeiroEmpregoAPI\controller\RespostaController.java
C:\Users\tscortes\Documents\wrokspace\monitoramentoapi\src\main\java\br\org\flem\primeiroemprego\api\primeiroEmpregoAPI\convert\CustomMultipartFile.java
C:\Users\tscortes\Documents\wrokspace\monitoramentoapi\src\main\java\br\org\flem\primeiroemprego\api\primeiroEmpregoAPI\service\AvaliacaoQuestionarioService.java
C:\Users\tscortes\Documents\wrokspace\monitoramentoapi\src\main\java\br\org\flem\primeiroemprego\api\primeiroEmpregoAPI\controller\BeneficiarioController.java
C:\Users\tscortes\Documents\wrokspace\monitoramentoapi\src\main\java\br\org\flem\primeiroemprego\api\primeiroEmpregoAPI\controller\CategoriaController.java
C:\Users\tscortes\Documents\wrokspace\monitoramentoapi\src\main\java\br\org\flem\primeiroemprego\api\primeiroEmpregoAPI\dao\CustomFuncionarioDAO.java
C:\Users\tscortes\Documents\wrokspace\monitoramentoapi\src\main\java\br\org\flem\primeiroemprego\api\primeiroEmpregoAPI\dao\PerguntaDAO.java
C:\Users\tscortes\Documents\wrokspace\monitoramentoapi\src\main\java\br\org\flem\primeiroemprego\api\primeiroEmpregoAPI\model\RegistroMonitoramento.java
C:\Users\tscortes\Documents\wrokspace\monitoramentoapi\src\main\java\br\org\flem\primeiroemprego\api\primeiroEmpregoAPI\projections\EscritorioRegionalProj.java
C:\Users\tscortes\Documents\wrokspace\monitoramentoapi\src\main\java\br\org\flem\primeiroemprego\api\primeiroEmpregoAPI\controller\PerguntaController.java
C:\Users\tscortes\Documents\wrokspace\monitoramentoapi\src\main\java\br\org\flem\primeiroemprego\api\primeiroEmpregoAPI\dto\SinteseRelatorioTrimestralDTO.java
C:\Users\tscortes\Documents\wrokspace\monitoramentoapi\src\main\java\br\org\flem\primeiroemprego\api\primeiroEmpregoAPI\dto\ComprovacaoRelDTO.java
C:\Users\tscortes\Documents\wrokspace\monitoramentoapi\src\main\java\br\org\flem\primeiroemprego\api\primeiroEmpregoAPI\dto\RelatorioRegistroVisitaDTO.java
C:\Users\tscortes\Documents\wrokspace\monitoramentoapi\src\main\java\br\org\flem\primeiroemprego\api\primeiroEmpregoAPI\dto\AssociacaoDTO.java
C:\Users\tscortes\Documents\wrokspace\monitoramentoapi\src\main\java\br\org\flem\primeiroemprego\api\primeiroEmpregoAPI\config\IntegracaoBD.java
C:\Users\tscortes\Documents\wrokspace\monitoramentoapi\src\main\java\br\org\flem\primeiroemprego\api\primeiroEmpregoAPI\service\ParameterService.java
C:\Users\tscortes\Documents\wrokspace\monitoramentoapi\src\main\java\br\org\flem\primeiroemprego\api\primeiroEmpregoAPI\base\BaseID.java
C:\Users\tscortes\Documents\wrokspace\monitoramentoapi\src\main\java\br\org\flem\primeiroemprego\api\primeiroEmpregoAPI\model\Resposta.java
C:\Users\tscortes\Documents\wrokspace\monitoramentoapi\src\main\java\br\org\flem\primeiroemprego\api\primeiroEmpregoAPI\model\Vaga.java
C:\Users\tscortes\Documents\wrokspace\monitoramentoapi\src\main\java\br\org\flem\primeiroemprego\api\primeiroEmpregoAPI\base\BaseController.java
C:\Users\tscortes\Documents\wrokspace\monitoramentoapi\src\main\java\br\org\flem\primeiroemprego\api\primeiroEmpregoAPI\model\AvaliacaoQuestionarioId.java
C:\Users\tscortes\Documents\wrokspace\monitoramentoapi\src\main\java\br\org\flem\primeiroemprego\api\primeiroEmpregoAPI\service\ReportsService.java
C:\Users\tscortes\Documents\wrokspace\monitoramentoapi\src\main\java\br\org\flem\primeiroemprego\api\primeiroEmpregoAPI\controller\PeriodoController.java
C:\Users\tscortes\Documents\wrokspace\monitoramentoapi\src\main\java\br\org\flem\primeiroemprego\api\primeiroEmpregoAPI\model\User.java
C:\Users\tscortes\Documents\wrokspace\monitoramentoapi\src\main\java\br\org\flem\primeiroemprego\api\primeiroEmpregoAPI\controller\RelatorioMonitoramentoController.java
C:\Users\tscortes\Documents\wrokspace\monitoramentoapi\src\main\java\br\org\flem\primeiroemprego\api\primeiroEmpregoAPI\model\MonitorDemandante.java
C:\Users\tscortes\Documents\wrokspace\monitoramentoapi\src\main\java\br\org\flem\primeiroemprego\api\primeiroEmpregoAPI\projections\DemandanteProj.java
C:\Users\tscortes\Documents\wrokspace\monitoramentoapi\src\main\java\br\org\flem\primeiroemprego\api\primeiroEmpregoAPI\model\AvaliacaoQuestionario.java
C:\Users\tscortes\Documents\wrokspace\monitoramentoapi\src\main\java\br\org\flem\primeiroemprego\api\primeiroEmpregoAPI\dto\MonitoramentoQuestionarioDTO.java
C:\Users\tscortes\Documents\wrokspace\monitoramentoapi\src\main\java\br\org\flem\primeiroemprego\api\primeiroEmpregoAPI\serializer\BooleanSerializer.java
C:\Users\tscortes\Documents\wrokspace\monitoramentoapi\src\main\java\br\org\flem\primeiroemprego\api\primeiroEmpregoAPI\model\Demandante.java
C:\Users\tscortes\Documents\wrokspace\monitoramentoapi\src\main\java\br\org\flem\primeiroemprego\api\primeiroEmpregoAPI\model\Meta.java
C:\Users\tscortes\Documents\wrokspace\monitoramentoapi\src\main\java\br\org\flem\primeiroemprego\api\primeiroEmpregoAPI\controller\EscritorioRegionalController.java
C:\Users\tscortes\Documents\wrokspace\monitoramentoapi\src\main\java\br\org\flem\primeiroemprego\api\primeiroEmpregoAPI\model\Categoria.java
C:\Users\tscortes\Documents\wrokspace\monitoramentoapi\src\main\java\br\org\flem\primeiroemprego\api\primeiroEmpregoAPI\exception\ApiError.java
C:\Users\tscortes\Documents\wrokspace\monitoramentoapi\src\main\java\br\org\flem\primeiroemprego\api\primeiroEmpregoAPI\service\AgendamentoService.java
C:\Users\tscortes\Documents\wrokspace\monitoramentoapi\src\main\java\br\org\flem\primeiroemprego\api\primeiroEmpregoAPI\dao\DemandanteDAO.java
C:\Users\tscortes\Documents\wrokspace\monitoramentoapi\src\main\java\br\org\flem\primeiroemprego\api\primeiroEmpregoAPI\service\MunicipioService.java
C:\Users\tscortes\Documents\wrokspace\monitoramentoapi\src\main\java\br\org\flem\primeiroemprego\api\primeiroEmpregoAPI\config\LocalDateConverter.java
C:\Users\tscortes\Documents\wrokspace\monitoramentoapi\src\main\java\br\org\flem\primeiroemprego\api\primeiroEmpregoAPI\dto\QuestionarioDTO.java
C:\Users\tscortes\Documents\wrokspace\monitoramentoapi\src\main\java\br\org\flem\primeiroemprego\api\primeiroEmpregoAPI\dto\FormacaoDTO.java
C:\Users\tscortes\Documents\wrokspace\monitoramentoapi\src\main\java\br\org\flem\primeiroemprego\api\primeiroEmpregoAPI\model\Situacao.java
C:\Users\tscortes\Documents\wrokspace\monitoramentoapi\src\main\java\br\org\flem\primeiroemprego\api\primeiroEmpregoAPI\base\BaseEntityAudited.java
C:\Users\tscortes\Documents\wrokspace\monitoramentoapi\src\main\java\br\org\flem\primeiroemprego\api\primeiroEmpregoAPI\dto\MetaDTO.java
C:\Users\tscortes\Documents\wrokspace\monitoramentoapi\src\main\java\br\org\flem\primeiroemprego\api\primeiroEmpregoAPI\dto\PeriodoDTO.java
C:\Users\tscortes\Documents\wrokspace\monitoramentoapi\src\main\java\br\org\flem\primeiroemprego\api\primeiroEmpregoAPI\service\AvaliacaoMonitoramentoService.java
C:\Users\tscortes\Documents\wrokspace\monitoramentoapi\src\main\java\br\org\flem\primeiroemprego\api\primeiroEmpregoAPI\dto\AgendamentoDTO.java
C:\Users\tscortes\Documents\wrokspace\monitoramentoapi\src\main\java\br\org\flem\primeiroemprego\api\primeiroEmpregoAPI\dto\ColaboradorDTO.java
C:\Users\tscortes\Documents\wrokspace\monitoramentoapi\src\main\java\br\org\flem\primeiroemprego\api\primeiroEmpregoAPI\integracao\model\RHFuncionario.java
C:\Users\tscortes\Documents\wrokspace\monitoramentoapi\src\main\java\br\org\flem\primeiroemprego\api\primeiroEmpregoAPI\dto\ResponseMessage.java
C:\Users\tscortes\Documents\wrokspace\monitoramentoapi\src\main\java\br\org\flem\primeiroemprego\api\primeiroEmpregoAPI\dto\DemandanteDTO.java
C:\Users\tscortes\Documents\wrokspace\monitoramentoapi\src\main\java\br\org\flem\primeiroemprego\api\primeiroEmpregoAPI\dto\RelatorioMonitoramentoDTO.java
C:\Users\tscortes\Documents\wrokspace\monitoramentoapi\src\main\java\br\org\flem\primeiroemprego\api\primeiroEmpregoAPI\dto\MonitorarDTO.java
C:\Users\tscortes\Documents\wrokspace\monitoramentoapi\src\main\java\br\org\flem\primeiroemprego\api\primeiroEmpregoAPI\service\CategoriaService.java
C:\Users\tscortes\Documents\wrokspace\monitoramentoapi\src\main\java\br\org\flem\primeiroemprego\api\primeiroEmpregoAPI\dto\RelQuestionarioDTO.java
C:\Users\tscortes\Documents\wrokspace\monitoramentoapi\src\main\java\br\org\flem\primeiroemprego\api\primeiroEmpregoAPI\dto\RelPerguntaDTO.java
C:\Users\tscortes\Documents\wrokspace\monitoramentoapi\src\main\java\br\org\flem\primeiroemprego\api\primeiroEmpregoAPI\enums\SubMeta_.java
C:\Users\tscortes\Documents\wrokspace\monitoramentoapi\src\main\java\br\org\flem\primeiroemprego\api\primeiroEmpregoAPI\model\Beneficiario.java
C:\Users\tscortes\Documents\wrokspace\monitoramentoapi\src\main\java\br\org\flem\primeiroemprego\api\primeiroEmpregoAPI\service\RespostaItemService.java
C:\Users\tscortes\Documents\wrokspace\monitoramentoapi\src\main\java\br\org\flem\primeiroemprego\api\primeiroEmpregoAPI\message\Sender.java
C:\Users\tscortes\Documents\wrokspace\monitoramentoapi\src\main\java\br\org\flem\primeiroemprego\api\primeiroEmpregoAPI\projections\MonitoramentoProj.java
C:\Users\tscortes\Documents\wrokspace\monitoramentoapi\src\main\java\br\org\flem\primeiroemprego\api\primeiroEmpregoAPI\enums\StatusAgendaEnum.java
C:\Users\tscortes\Documents\wrokspace\monitoramentoapi\src\main\java\br\org\flem\primeiroemprego\api\primeiroEmpregoAPI\dto\RespostaDTO.java
C:\Users\tscortes\Documents\wrokspace\monitoramentoapi\src\main\java\br\org\flem\primeiroemprego\api\primeiroEmpregoAPI\model\Municipio.java
C:\Users\tscortes\Documents\wrokspace\monitoramentoapi\src\main\java\br\org\flem\primeiroemprego\api\primeiroEmpregoAPI\filtro\RegistroMonitoramentoFiltro.java
C:\Users\tscortes\Documents\wrokspace\monitoramentoapi\src\main\java\br\org\flem\primeiroemprego\api\primeiroEmpregoAPI\integracao\dao\RHFuncionarioDAO.java
C:\Users\tscortes\Documents\wrokspace\monitoramentoapi\src\main\java\br\org\flem\primeiroemprego\api\primeiroEmpregoAPI\service\PerguntaService.java
C:\Users\tscortes\Documents\wrokspace\monitoramentoapi\src\main\java\br\org\flem\primeiroemprego\api\primeiroEmpregoAPI\service\EscritorioRegionalService.java
C:\Users\tscortes\Documents\wrokspace\monitoramentoapi\src\main\java\br\org\flem\primeiroemprego\api\primeiroEmpregoAPI\base\BaseSpecification.java
C:\Users\tscortes\Documents\wrokspace\monitoramentoapi\src\main\java\br\org\flem\primeiroemprego\api\primeiroEmpregoAPI\dao\MetaDAO.java
C:\Users\tscortes\Documents\wrokspace\monitoramentoapi\src\main\java\br\org\flem\primeiroemprego\api\primeiroEmpregoAPI\dto\BeneficiarioQuestionarioDTO.java
C:\Users\tscortes\Documents\wrokspace\monitoramentoapi\src\main\java\br\org\flem\primeiroemprego\api\primeiroEmpregoAPI\model\Questionario.java
C:\Users\tscortes\Documents\wrokspace\monitoramentoapi\src\main\java\br\org\flem\primeiroemprego\api\primeiroEmpregoAPI\dto\BeneficiarioDTO.java
C:\Users\tscortes\Documents\wrokspace\monitoramentoapi\src\main\java\br\org\flem\primeiroemprego\api\primeiroEmpregoAPI\dao\CustomFuncionarioDAOImpl.java
C:\Users\tscortes\Documents\wrokspace\monitoramentoapi\src\main\java\br\org\flem\primeiroemprego\api\primeiroEmpregoAPI\dto\ListaMonitoramentoDTO.java
C:\Users\tscortes\Documents\wrokspace\monitoramentoapi\src\main\java\br\org\flem\primeiroemprego\api\primeiroEmpregoAPI\security\SecurityConfiguration.java
C:\Users\tscortes\Documents\wrokspace\monitoramentoapi\src\main\java\br\org\flem\primeiroemprego\api\primeiroEmpregoAPI\service\FileStorageService.java
C:\Users\tscortes\Documents\wrokspace\monitoramentoapi\src\main\java\br\org\flem\primeiroemprego\api\primeiroEmpregoAPI\service\DemandanteService.java
C:\Users\tscortes\Documents\wrokspace\monitoramentoapi\src\main\java\br\org\flem\primeiroemprego\api\primeiroEmpregoAPI\exception\CustomRestExceptionHandler.java
C:\Users\tscortes\Documents\wrokspace\monitoramentoapi\src\main\java\br\org\flem\primeiroemprego\api\primeiroEmpregoAPI\service\FormacaoService.java
C:\Users\tscortes\Documents\wrokspace\monitoramentoapi\src\main\java\br\org\flem\primeiroemprego\api\primeiroEmpregoAPI\dao\EscritorioRegionalDAO.java
C:\Users\tscortes\Documents\wrokspace\monitoramentoapi\src\main\java\br\org\flem\primeiroemprego\api\primeiroEmpregoAPI\dao\PeriodoDAO.java
C:\Users\tscortes\Documents\wrokspace\monitoramentoapi\src\main\java\br\org\flem\primeiroemprego\api\primeiroEmpregoAPI\service\VisitaBeneficiarioService.java
C:\Users\tscortes\Documents\wrokspace\monitoramentoapi\src\main\java\br\org\flem\primeiroemprego\api\primeiroEmpregoAPI\controller\VagaController.java
C:\Users\tscortes\Documents\wrokspace\monitoramentoapi\src\main\java\br\org\flem\primeiroemprego\api\primeiroEmpregoAPI\dao\RespostaDAO.java
C:\Users\tscortes\Documents\wrokspace\monitoramentoapi\src\main\java\br\org\flem\primeiroemprego\api\primeiroEmpregoAPI\dao\VisitaBeneficiarioDAO.java
C:\Users\tscortes\Documents\wrokspace\monitoramentoapi\src\main\java\br\org\flem\primeiroemprego\api\primeiroEmpregoAPI\base\MyCrudRepository.java
C:\Users\tscortes\Documents\wrokspace\monitoramentoapi\src\main\java\br\org\flem\primeiroemprego\api\primeiroEmpregoAPI\dao\OpcaoRespostaDAO.java
C:\Users\tscortes\Documents\wrokspace\monitoramentoapi\src\main\java\br\org\flem\primeiroemprego\api\primeiroEmpregoAPI\model\AvaliacaoMonitoramento.java
C:\Users\tscortes\Documents\wrokspace\monitoramentoapi\src\main\java\br\org\flem\primeiroemprego\api\primeiroEmpregoAPI\model\Parameter.java
C:\Users\tscortes\Documents\wrokspace\monitoramentoapi\src\main\java\br\org\flem\primeiroemprego\api\primeiroEmpregoAPI\dao\RegistroMonitoramentoDAOCustomImpl.java
C:\Users\tscortes\Documents\wrokspace\monitoramentoapi\src\main\java\br\org\flem\primeiroemprego\api\primeiroEmpregoAPI\controller\VisitaBeneficiarioController.java
C:\Users\tscortes\Documents\wrokspace\monitoramentoapi\src\main\java\br\org\flem\primeiroemprego\api\primeiroEmpregoAPI\base\CriteriaOpereration.java
C:\Users\tscortes\Documents\wrokspace\monitoramentoapi\src\main\java\br\org\flem\primeiroemprego\api\primeiroEmpregoAPI\base\BaseService.java
C:\Users\tscortes\Documents\wrokspace\monitoramentoapi\src\main\java\br\org\flem\primeiroemprego\api\primeiroEmpregoAPI\service\EmailSender.java
C:\Users\tscortes\Documents\wrokspace\monitoramentoapi\src\main\java\br\org\flem\primeiroemprego\api\primeiroEmpregoAPI\service\PeriodoService.java
C:\Users\tscortes\Documents\wrokspace\monitoramentoapi\src\main\java\br\org\flem\primeiroemprego\api\primeiroEmpregoAPI\model\Formacao.java
C:\Users\tscortes\Documents\wrokspace\monitoramentoapi\src\main\java\br\org\flem\primeiroemprego\api\primeiroEmpregoAPI\config\SMBBD.java
C:\Users\tscortes\Documents\wrokspace\monitoramentoapi\src\main\java\br\org\flem\primeiroemprego\api\primeiroEmpregoAPI\dto\RegistroMonitoramentoDTO.java
C:\Users\tscortes\Documents\wrokspace\monitoramentoapi\src\main\java\br\org\flem\primeiroemprego\api\primeiroEmpregoAPI\controller\MunicipioController.java
C:\Users\tscortes\Documents\wrokspace\monitoramentoapi\src\main\java\br\org\flem\primeiroemprego\api\primeiroEmpregoAPI\enums\StatusVisitaEnum.java
C:\Users\tscortes\Documents\wrokspace\monitoramentoapi\src\main\java\br\org\flem\primeiroemprego\api\primeiroEmpregoAPI\controller\AvaliacaoMonitoramentoController.java
C:\Users\tscortes\Documents\wrokspace\monitoramentoapi\src\main\java\br\org\flem\primeiroemprego\api\primeiroEmpregoAPI\base\AbstractHelper.java
C:\Users\tscortes\Documents\wrokspace\monitoramentoapi\src\main\java\br\org\flem\primeiroemprego\api\primeiroEmpregoAPI\dto\PerguntaDTO.java
C:\Users\tscortes\Documents\wrokspace\monitoramentoapi\src\main\java\br\org\flem\primeiroemprego\api\primeiroEmpregoAPI\controller\AgendamentoController.java
C:\Users\tscortes\Documents\wrokspace\monitoramentoapi\src\main\java\br\org\flem\primeiroemprego\api\primeiroEmpregoAPI\dto\MunicipioDTO.java
C:\Users\tscortes\Documents\wrokspace\monitoramentoapi\src\main\java\br\org\flem\primeiroemprego\api\primeiroEmpregoAPI\exception\MonitoramentoException.java
C:\Users\tscortes\Documents\wrokspace\monitoramentoapi\src\main\java\br\org\flem\primeiroemprego\api\primeiroEmpregoAPI\dto\MonitoramentoComprovacaoDTO.java
C:\Users\tscortes\Documents\wrokspace\monitoramentoapi\src\main\java\br\org\flem\primeiroemprego\api\primeiroEmpregoAPI\projections\RelatorioRegistroVisitaProj.java
C:\Users\tscortes\Documents\wrokspace\monitoramentoapi\src\main\java\br\org\flem\primeiroemprego\api\primeiroEmpregoAPI\projections\MunicipioProj.java
C:\Users\tscortes\Documents\wrokspace\monitoramentoapi\src\main\java\br\org\flem\primeiroemprego\api\primeiroEmpregoAPI\dto\RelRespostaDTO.java
C:\Users\tscortes\Documents\wrokspace\monitoramentoapi\src\main\java\br\org\flem\primeiroemprego\api\primeiroEmpregoAPI\dao\MunicipioDAO.java
C:\Users\tscortes\Documents\wrokspace\monitoramentoapi\src\main\java\br\org\flem\primeiroemprego\api\primeiroEmpregoAPI\model\EscritorioRegional.java
C:\Users\tscortes\Documents\wrokspace\monitoramentoapi\src\main\java\br\org\flem\primeiroemprego\api\primeiroEmpregoAPI\service\OpcaoRespostaService.java
C:\Users\tscortes\Documents\wrokspace\monitoramentoapi\src\main\java\br\org\flem\primeiroemprego\api\primeiroEmpregoAPI\service\SituacaoService.java
C:\Users\tscortes\Documents\wrokspace\monitoramentoapi\src\main\java\br\org\flem\primeiroemprego\api\primeiroEmpregoAPI\enums\TipoResposta.java
C:\Users\tscortes\Documents\wrokspace\monitoramentoapi\src\main\java\br\org\flem\primeiroemprego\api\primeiroEmpregoAPI\model\OpcaoRespostaId.java
C:\Users\tscortes\Documents\wrokspace\monitoramentoapi\src\main\java\br\org\flem\primeiroemprego\api\primeiroEmpregoAPI\PrimeiroEmpregoApiApplication.java
C:\Users\tscortes\Documents\wrokspace\monitoramentoapi\src\main\java\br\org\flem\primeiroemprego\api\primeiroEmpregoAPI\dao\ParameterDAO.java
C:\Users\tscortes\Documents\wrokspace\monitoramentoapi\src\main\java\br\org\flem\primeiroemprego\api\primeiroEmpregoAPI\config\MensageriaConfig.java
C:\Users\tscortes\Documents\wrokspace\monitoramentoapi\src\main\java\br\org\flem\primeiroemprego\api\primeiroEmpregoAPI\model\FoEmpregadosView.java
C:\Users\tscortes\Documents\wrokspace\monitoramentoapi\src\main\java\br\org\flem\primeiroemprego\api\primeiroEmpregoAPI\config\LocalTimeConverter.java
C:\Users\tscortes\Documents\wrokspace\monitoramentoapi\src\main\java\br\org\flem\primeiroemprego\api\primeiroEmpregoAPI\dao\RespostaItemDAO.java
C:\Users\tscortes\Documents\wrokspace\monitoramentoapi\src\main\java\br\org\flem\primeiroemprego\api\primeiroEmpregoAPI\dto\FuncionarioDTO.java
C:\Users\tscortes\Documents\wrokspace\monitoramentoapi\src\main\java\br\org\flem\primeiroemprego\api\primeiroEmpregoAPI\controller\MonitoramentoController.java
C:\Users\tscortes\Documents\wrokspace\monitoramentoapi\src\main\java\br\org\flem\primeiroemprego\api\primeiroEmpregoAPI\dto\RespostaItemDTO.java
C:\Users\tscortes\Documents\wrokspace\monitoramentoapi\src\main\java\br\org\flem\primeiroemprego\api\primeiroEmpregoAPI\security\WebConfig.java
C:\Users\tscortes\Documents\wrokspace\monitoramentoapi\src\main\java\br\org\flem\primeiroemprego\api\primeiroEmpregoAPI\service\QuestionarioService.java
C:\Users\tscortes\Documents\wrokspace\monitoramentoapi\src\main\java\br\org\flem\primeiroemprego\api\primeiroEmpregoAPI\service\RegistroMonitoramentoService.java
C:\Users\tscortes\Documents\wrokspace\monitoramentoapi\src\main\java\br\org\flem\primeiroemprego\api\primeiroEmpregoAPI\controller\MonitorDemandanteController.java
C:\Users\tscortes\Documents\wrokspace\monitoramentoapi\src\main\java\br\org\flem\primeiroemprego\api\primeiroEmpregoAPI\model\VisitaBeneficiario.java
C:\Users\tscortes\Documents\wrokspace\monitoramentoapi\src\main\java\br\org\flem\primeiroemprego\api\primeiroEmpregoAPI\enums\ParameterEnum.java
C:\Users\tscortes\Documents\wrokspace\monitoramentoapi\src\main\java\br\org\flem\primeiroemprego\api\primeiroEmpregoAPI\controller\ComprovacaoController.java
C:\Users\tscortes\Documents\wrokspace\monitoramentoapi\src\main\java\br\org\flem\primeiroemprego\api\primeiroEmpregoAPI\controller\ColaboradorController.java
C:\Users\tscortes\Documents\wrokspace\monitoramentoapi\src\main\java\br\org\flem\primeiroemprego\api\primeiroEmpregoAPI\model\Pergunta.java
C:\Users\tscortes\Documents\wrokspace\monitoramentoapi\src\main\java\br\org\flem\primeiroemprego\api\primeiroEmpregoAPI\dao\AvaliacaoQuestionarioDAO.java
C:\Users\tscortes\Documents\wrokspace\monitoramentoapi\src\main\java\br\org\flem\primeiroemprego\api\primeiroEmpregoAPI\dao\VagaDAO.java
C:\Users\tscortes\Documents\wrokspace\monitoramentoapi\src\main\java\br\org\flem\primeiroemprego\api\primeiroEmpregoAPI\base\BaseDTO.java
C:\Users\tscortes\Documents\wrokspace\monitoramentoapi\src\main\java\br\org\flem\primeiroemprego\api\primeiroEmpregoAPI\dao\MonitorDemandanteDAO.java
C:\Users\tscortes\Documents\wrokspace\monitoramentoapi\src\main\java\br\org\flem\primeiroemprego\api\primeiroEmpregoAPI\dao\SituacaoDAO.java
C:\Users\tscortes\Documents\wrokspace\monitoramentoapi\src\main\java\br\org\flem\primeiroemprego\api\primeiroEmpregoAPI\dto\AvaliacaoMonitoramentoDTO.java
C:\Users\tscortes\Documents\wrokspace\monitoramentoapi\src\main\java\br\org\flem\primeiroemprego\api\primeiroEmpregoAPI\service\BeneficiarioService.java
C:\Users\tscortes\Documents\wrokspace\monitoramentoapi\src\main\java\br\org\flem\primeiroemprego\api\primeiroEmpregoAPI\service\ComprovacaoService.java
C:\Users\tscortes\Documents\wrokspace\monitoramentoapi\src\main\java\br\org\flem\primeiroemprego\api\primeiroEmpregoAPI\dto\RelatorioTrimestralDTO.java
C:\Users\tscortes\Documents\wrokspace\monitoramentoapi\src\main\java\br\org\flem\primeiroemprego\api\primeiroEmpregoAPI\enums\RespostaTecnica.java
C:\Users\tscortes\Documents\wrokspace\monitoramentoapi\src\main\java\br\org\flem\primeiroemprego\api\primeiroEmpregoAPI\dao\RegistroMonitoramentoDAO.java
C:\Users\tscortes\Documents\wrokspace\monitoramentoapi\src\main\java\br\org\flem\primeiroemprego\api\primeiroEmpregoAPI\controller\MetaController.java
C:\Users\tscortes\Documents\wrokspace\monitoramentoapi\src\main\java\br\org\flem\primeiroemprego\api\primeiroEmpregoAPI\dto\AvaliacaoDTO.java
C:\Users\tscortes\Documents\wrokspace\monitoramentoapi\src\main\java\br\org\flem\primeiroemprego\api\primeiroEmpregoAPI\projections\SinteseRelatorioTrimestralProj.java
C:\Users\tscortes\Documents\wrokspace\monitoramentoapi\src\main\java\br\org\flem\primeiroemprego\api\primeiroEmpregoAPI\service\VagaService.java
C:\Users\tscortes\Documents\wrokspace\monitoramentoapi\src\main\java\br\org\flem\primeiroemprego\api\primeiroEmpregoAPI\dao\QuestionarioDAO.java
C:\Users\tscortes\Documents\wrokspace\monitoramentoapi\src\main\java\br\org\flem\primeiroemprego\api\primeiroEmpregoAPI\projections\DemandanteMunicipioProj.java
C:\Users\tscortes\Documents\wrokspace\monitoramentoapi\src\main\java\br\org\flem\primeiroemprego\api\primeiroEmpregoAPI\model\RespostaItem.java
C:\Users\tscortes\Documents\wrokspace\monitoramentoapi\src\main\java\br\org\flem\primeiroemprego\api\primeiroEmpregoAPI\model\Agendamento.java
C:\Users\tscortes\Documents\wrokspace\monitoramentoapi\src\main\java\br\org\flem\primeiroemprego\api\primeiroEmpregoAPI\projections\FuncionarioProj.java
C:\Users\tscortes\Documents\wrokspace\monitoramentoapi\src\main\java\br\org\flem\primeiroemprego\api\primeiroEmpregoAPI\dao\RegistroMonitoramentoDAOCustom.java
C:\Users\tscortes\Documents\wrokspace\monitoramentoapi\src\main\java\br\org\flem\primeiroemprego\api\primeiroEmpregoAPI\integracao\model\Afastamento.java
C:\Users\tscortes\Documents\wrokspace\monitoramentoapi\src\main\java\br\org\flem\primeiroemprego\api\primeiroEmpregoAPI\dto\DemandanteMunicipioDTO.java
C:\Users\tscortes\Documents\wrokspace\monitoramentoapi\src\main\java\br\org\flem\primeiroemprego\api\primeiroEmpregoAPI\dao\BeneficiarioDAO.java
C:\Users\tscortes\Documents\wrokspace\monitoramentoapi\src\main\java\br\org\flem\primeiroemprego\api\primeiroEmpregoAPI\base\SearchCriteria.java
C:\Users\tscortes\Documents\wrokspace\monitoramentoapi\src\main\java\br\org\flem\primeiroemprego\api\primeiroEmpregoAPI\model\Comprovacao.java
C:\Users\tscortes\Documents\wrokspace\monitoramentoapi\src\main\java\br\org\flem\primeiroemprego\api\primeiroEmpregoAPI\controller\DemandanteController.java
C:\Users\tscortes\Documents\wrokspace\monitoramentoapi\src\main\java\br\org\flem\primeiroemprego\api\primeiroEmpregoAPI\service\EnviarEmailService.java
C:\Users\tscortes\Documents\wrokspace\monitoramentoapi\src\main\java\br\org\flem\primeiroemprego\api\primeiroEmpregoAPI\service\RespostaService.java
C:\Users\tscortes\Documents\wrokspace\monitoramentoapi\src\main\java\br\org\flem\primeiroemprego\api\primeiroEmpregoAPI\model\RespostaItemId.java
C:\Users\tscortes\Documents\wrokspace\monitoramentoapi\src\main\java\br\org\flem\primeiroemprego\api\primeiroEmpregoAPI\dto\RegistroMonitoramentoEditarDTO.java
C:\Users\tscortes\Documents\wrokspace\monitoramentoapi\src\main\java\br\org\flem\primeiroemprego\api\primeiroEmpregoAPI\dao\CategoriaDAO.java
C:\Users\tscortes\Documents\wrokspace\monitoramentoapi\src\main\java\br\org\flem\primeiroemprego\api\primeiroEmpregoAPI\dao\ColaboradorDAO.java
C:\Users\tscortes\Documents\wrokspace\monitoramentoapi\src\main\java\br\org\flem\primeiroemprego\api\primeiroEmpregoAPI\base\BaseModel.java
C:\Users\tscortes\Documents\wrokspace\monitoramentoapi\src\main\java\br\org\flem\primeiroemprego\api\primeiroEmpregoAPI\model\OpcaoResposta.java
C:\Users\tscortes\Documents\wrokspace\monitoramentoapi\src\main\java\br\org\flem\primeiroemprego\api\primeiroEmpregoAPI\config\LocalDateTimeConverter.java
C:\Users\tscortes\Documents\wrokspace\monitoramentoapi\src\main\java\br\org\flem\primeiroemprego\api\primeiroEmpregoAPI\dao\AgendamentoDAO.java
C:\Users\tscortes\Documents\wrokspace\monitoramentoapi\src\main\java\br\org\flem\primeiroemprego\api\primeiroEmpregoAPI\integracao\service\RHFuncionarioService.java
C:\Users\tscortes\Documents\wrokspace\monitoramentoapi\src\main\java\br\org\flem\primeiroemprego\api\primeiroEmpregoAPI\controller\RespostaItemController.java
C:\Users\tscortes\Documents\wrokspace\monitoramentoapi\src\main\java\br\org\flem\primeiroemprego\api\primeiroEmpregoAPI\dto\AvaliacaoQuestionarioDTO.java
C:\Users\tscortes\Documents\wrokspace\monitoramentoapi\src\main\java\br\org\flem\primeiroemprego\api\primeiroEmpregoAPI\dto\MonitoramentoDTO.java
C:\Users\tscortes\Documents\wrokspace\monitoramentoapi\src\main\java\br\org\flem\primeiroemprego\api\primeiroEmpregoAPI\service\MonitorDemandanteService.java
