C:\Users\tscortes\Documents\wrokspace\monitoramentoapi\src\test\java\br\org\flem\primeiroemprego\api\primeiroEmpregoAPI\test\MonitorDemandanteTest.java
C:\Users\tscortes\Documents\wrokspace\monitoramentoapi\src\test\java\br\org\flem\primeiroemprego\api\primeiroEmpregoAPI\test\ColaboradorTest.java
C:\Users\tscortes\Documents\wrokspace\monitoramentoapi\src\test\java\br\org\flem\primeiroemprego\api\primeiroEmpregoAPI\test\DemandanteTest.java
C:\Users\tscortes\Documents\wrokspace\monitoramentoapi\src\test\java\br\org\flem\primeiroemprego\api\primeiroEmpregoAPI\test\EscritorioRegionalTest.java
C:\Users\tscortes\Documents\wrokspace\monitoramentoapi\src\test\java\br\org\flem\primeiroemprego\api\primeiroEmpregoAPI\test\ComprovacaoTest.java
C:\Users\tscortes\Documents\wrokspace\monitoramentoapi\src\test\java\br\org\flem\primeiroemprego\api\primeiroEmpregoAPI\test\MunicipioTest.java
C:\Users\tscortes\Documents\wrokspace\monitoramentoapi\src\test\java\br\org\flem\primeiroemprego\api\primeiroEmpregoAPI\test\SenderTest.java
C:\Users\tscortes\Documents\wrokspace\monitoramentoapi\src\test\java\br\org\flem\primeiroemprego\api\primeiroEmpregoAPI\test\BeneficiarioTest.java
C:\Users\tscortes\Documents\wrokspace\monitoramentoapi\src\test\java\br\org\flem\primeiroemprego\api\primeiroEmpregoAPI\test\RegistroMonitoramentoTest.java
